
> saas-factory-app@0.1.0 typecheck
> tsc --noEmit

src/features/dashboard/services/dashboardService.ts(102,59): error TS2339: Property 'name' does not exist on type '{ name: any; sku: any; }[]'.
src/features/dashboard/services/dashboardService.ts(102,72): error TS2339: Property 'sku' does not exist on type '{ name: any; sku: any; }[]'.
src/features/portfolio/services/portfolioAgentService.ts(176,17): error TS2322: Type '"ESCALATE"' is not assignable to type '"REMINDER_1" | "REMINDER_2" | "FINAL_NOTICE" | "LEGAL_ESCALATION"'.
supabase/functions/portfolio-agent-cycle/index.ts(1,23): error TS2307: Cannot find module 'https://deno.land/std@0.168.0/http/server.ts' or its corresponding type declarations.
supabase/functions/portfolio-agent-cycle/index.ts(2,30): error TS2307: Cannot find module 'https://esm.sh/@supabase/supabase-js@2' or its corresponding type declarations.
supabase/functions/portfolio-agent-cycle/index.ts(24,14): error TS7006: Parameter 'req' implicitly has an 'any' type.
supabase/functions/portfolio-agent-cycle/index.ts(29,13): error TS2304: Cannot find name 'Deno'.
supabase/functions/portfolio-agent-cycle/index.ts(30,13): error TS2304: Cannot find name 'Deno'.
supabase/functions/portfolio-agent-cycle/index.ts(131,67): error TS7053: Element implicitly has an 'any' type because expression of type 'string' can't be used to index type '{ REMINDER_1: { subject: string; body: string; }; REMINDER_2: { subject: string; body: string; }; FINAL_NOTICE: { subject: string; body: string; }; }'.
  No index signature with a parameter of type 'string' was found on type '{ REMINDER_1: { subject: string; body: string; }; REMINDER_2: { subject: string; body: string; }; FINAL_NOTICE: { subject: string; body: string; }; }'.
supabase/functions/portfolio-agent-cycle/index.ts(176,53): error TS18046: 'error' is of type 'unknown'.
